[LOG] 1: test shell to awk line 1
[LOG] 2: test shell to awk line 2
[LOG] 3: test shell to awk line 3
